// Jest Snapshot v1, https://goo.gl/fbAQLP

exports[`Display component Matches snapshot 1`] = `
<div
  className="caldera-salutation--name-hello-display"
>
  <span />
   
  <span>
    Roy
  </span>
</div>
`;

exports[`Edit component Matches snapshot 1`] = `
Array [
  <div
    className="components-base-control caldera-name-hello-edit"
>
    <div
        className="components-base-control__field"
    >
        <input
            aria-describedby={undefined}
            className="components-text-control__input"
            id="inspector-text-control-0"
            onChange={[Function]}
            type="text"
            value="Roy"
        />
    </div>
</div>,
  <div
    className="components-base-control caldera-salutation-hello-edit"
>
    <div
        className="components-base-control__field"
    >
        <input
            aria-describedby={undefined}
            className="components-text-control__input"
            id="inspector-text-control-1"
            onChange={[Function]}
            type="text"
            value={undefined}
        />
    </div>
</div>,
]
`;
